
> student-saas-frontend@0.0.0 build
> vite build

[36mvite v5.4.21 [32mbuilding for production...[36m[39m
transforming...
node.exe : [1m[33m[plugin:v
ite:esbuild][39m[22m 
[33m[plugin vite:esbuild] 
src/pages/admin/Fees.jsx: 
[33mDuplicate key "border" 
in object literal[33m
At line:1 char:1
+ & "C:\Program 
Files\nodejs/node.exe" 
"C:\Program 
Files\nodejs/node_mo ...
+ ~~~~~~~~~~~~~~~~~~~~~~~~~~~
~~~~~~~~~~~~~~~~~~~~~~~~~~~~~
~~~~~~~~~~~~~
    + CategoryInfo           
   : NotSpecified: ([1m[3  
  3m[plugi...ct literal[3   
 3m:String) [], RemoteExc    
eption
    + FullyQualifiedErrorId  
   : NativeCommandError
 
361|                         
             background: 
filterStatus === val ? 
`${col}22` : 
'var(--card-bg)',
362|                         
             color: 
filterStatus === val ? col : 
'var(--text-secondary)',
363|                         
             border: `1.5px 
solid ${filterStatus === val 
? col : 
'var(--border-color)'}`
   |                         
             ^
364|                         
         }}>{lbl}</button>
365|                         
     ))}
[39m
[32mΓ£ô[39m 71 modules transformed.
[31mx[39m Build failed in 
309ms
[31merror during build:
[31m[vite]: Rollup failed 
to resolve import 
"react-hot-toast" from "D:/Mo
dification/Student-SaaS/front
end/src/pages/chat/ChatApp.js
x".
This is most likely 
unintended because it can 
break your application at 
runtime.
If you do want to 
externalize this module 
explicitly add it to
`build.rollupOptions.external
`[31m
    at viteWarn (file:///D:/M
odification/Student-SaaS/fron
tend/node_modules/vite/dist/n
ode/chunks/dep-BK3b2jBa.js:65
855:17)
    at onwarn (file:///D:/Mod
ification/Student-SaaS/fronte
nd/node_modules/@vitejs/plugi
n-react/dist/index.js:90:7)
    at onRollupWarning (file:
///D:/Modification/Student-Sa
aS/frontend/node_modules/vite
/dist/node/chunks/dep-BK3b2jB
a.js:65885:5)
    at onwarn (file:///D:/Mod
ification/Student-SaaS/fronte
nd/node_modules/vite/dist/nod
e/chunks/dep-BK3b2jBa.js:6555
0:7)
    at file:///D:/Modificatio
n/Student-SaaS/frontend/node_
modules/rollup/dist/es/shared
/node-entry.js:20972:13
    at Object.logger [as 
onLog] (file:///D:/Modificati
on/Student-SaaS/frontend/node
_modules/rollup/dist/es/share
d/node-entry.js:22945:9)
    at ModuleLoader.handleInv
alidResolvedId (file:///D:/Mo
dification/Student-SaaS/front
end/node_modules/rollup/dist/
es/shared/node-entry.js:21689
:26)
    at file:///D:/Modificatio
n/Student-SaaS/frontend/node_
modules/rollup/dist/es/shared
/node-entry.js:21647:26[39m
